
> gsafrontdesk@1.0.0 build
> next build

  Γû▓ Next.js 14.2.33
  - Environments: .env

   Creating an optimized production build ...
 Γ£ô Compiled successfully
   Linting and checking validity of types ...
   Collecting page data ...
   Generating static pages (0/26) ...
   Generating static pages (6/26) 
   Generating static pages (12/26) 
   Generating static pages (19/26) 
 Γ£ô Generating static pages (26/26)
   Finalizing page optimization ...
   Collecting build traces ...

Route (app)                              Size     First Load JS
Γöî ╞Æ /                                    143 B          87.6 kB
Γö£ ╞Æ /_not-found                          880 B          88.4 kB
Γö£ ╞Æ /api/calendar/google/callback        0 B                0 B
Γö£ ╞Æ /api/calendar/outlook/callback       0 B                0 B
Γö£ ╞Æ /api/trpc/[trpc]                     0 B                0 B
Γö£ ╞Æ /auto-select-org                     1.73 kB         110 kB
Γö£ ╞Æ /dashboard                           8.23 kB         155 kB
Γö£ ╞Æ /dashboard/analytics                 120 kB          234 kB
Γö£ ╞Æ /dashboard/meetings                  5.32 kB         121 kB
Γö£ ╞Æ /dashboard/settings                  9.4 kB          145 kB
Γö£ ╞Æ /dashboard/staff                     8.99 kB         172 kB
Γö£ ╞Æ /employee/dashboard                  4.73 kB         138 kB
Γö£ ╞Æ /employee/meetings                   8.76 kB         135 kB
Γö£ ╞Æ /employee/respond                    4.38 kB         123 kB
Γö£ ╞Æ /employee/tickets                    4.53 kB         143 kB
Γö£ ╞Æ /employee/tickets/[id]               5.42 kB         130 kB
Γö£ ╞Æ /employee/visitors                   9.98 kB         140 kB
Γö£ ╞Æ /help                                6.45 kB         115 kB
Γö£ ╞Æ /it/dashboard                        2.55 kB         121 kB
Γö£ ╞Æ /it/tickets                          4.43 kB         129 kB
Γö£ ╞Æ /it/tickets/[id]                     7.24 kB         142 kB
Γö£ ╞Æ /landing                             190 B           102 kB
Γö£ Γùï /manifest.webmanifest                0 B                0 B
Γö£ ╞Æ /no-organization                     3.45 kB         119 kB
Γö£ ╞Æ /onboarding                          1.96 kB         126 kB
Γö£ ╞Æ /select-organization                 1.89 kB         111 kB
Γö£ ╞Æ /sign-in/[[...sign-in]]              2.6 kB          111 kB
Γö£ ╞Æ /sign-up/[[...sign-up]]              895 B           116 kB
Γö£ ╞Æ /visitor                             3.2 kB          112 kB
Γö£ ╞Æ /visitor/checkin                     6.58 kB         168 kB
Γöö ╞Æ /visitor/checkout                    5.23 kB         124 kB
+ First Load JS shared by all            87.5 kB
  Γö£ chunks/2117-78d1f1a76c2637ae.js      31.9 kB
  Γö£ chunks/fd9d1056-a8d36253c40d7567.js  53.6 kB
  Γöö other shared chunks (total)          1.97 kB


╞Æ Middleware                             61.3 kB

Γùï  (Static)   prerendered as static content
╞Æ  (Dynamic)  server-rendered on demand

